// Jest Snapshot v1, https://goo.gl/fbAQLP

exports[`Shift List Item Should Render Snapshot Correctly 1`] = `
<View
  style={
    Object {
      "backgroundColor": "#fff",
      "borderBottomWidth": 0.5,
      "borderColor": "#ccc",
      "borderLeftWidth": 0.5,
      "borderRadius": 2,
      "borderRightWidth": 0.5,
      "borderTopWidth": 0.5,
      "elevation": 3,
      "flex": 1,
      "flexWrap": "wrap",
      "marginBottom": 5,
      "marginLeft": 2,
      "marginRight": 2,
      "marginTop": 5,
      "shadowColor": "#000",
      "shadowOffset": Object {
        "height": 2,
        "width": 0,
      },
      "shadowOpacity": 0.1,
      "shadowRadius": 1.5,
    }
  }
  virtual={undefined}
>
  <View
    style={
      Object {
        "alignItems": "center",
        "backgroundColor": "#fff",
        "borderRadius": 2,
        "flexDirection": "row",
        "paddingBottom": 10,
        "paddingLeft": 15,
        "paddingRight": 15,
        "paddingTop": 10,
      }
    }
    virtual={undefined}
  >
    <View
      style={
        Object {
          "alignItems": "center",
          "alignSelf": "center",
          "flex": 1,
          "flexDirection": "row",
        }
      }
      virtual={undefined}
    >
      <View
        style={
          Object {
            "alignItems": null,
            "alignSelf": "center",
            "flex": 1,
            "marginLeft": 10,
          }
        }
        virtual={undefined}
      >
        <Text
          accessible={true}
          allowFontScaling={true}
          ellipsizeMode="tail"
          note={true}
          style={
            Object {
              "color": "#808080",
              "fontFamily": "System",
              "fontSize": 14,
              "fontWeight": "400",
              "marginRight": 20,
            }
          }
          virtual={undefined}
        >
          9:30 AM
           
        </Text>
        <Text
          accessible={true}
          allowFontScaling={true}
          ellipsizeMode="tail"
          style={
            Object {
              "color": "#000",
              "fontFamily": "System",
              "fontSize": 16,
            }
          }
          virtual={undefined}
        >
          test
        </Text>
        <Text
          accessible={true}
          allowFontScaling={true}
          ellipsizeMode="tail"
          note={true}
          style={
            Object {
              "color": "#808080",
              "fontFamily": "System",
              "fontSize": 14,
              "fontWeight": "400",
              "marginRight": 20,
            }
          }
          virtual={undefined}
        >
           
          Karnataka, India
        </Text>
      </View>
    </View>
  </View>
  <View
    style={
      Object {
        "alignItems": "center",
        "backgroundColor": "#fff",
        "borderRadius": 2,
        "flexDirection": "row",
        "paddingBottom": 10,
        "paddingLeft": 15,
        "paddingRight": 15,
        "paddingTop": 10,
      }
    }
    virtual={undefined}
  >
    <View
      style={
        Object {
          "alignItems": "center",
          "alignSelf": "center",
          "flex": 1,
          "flexDirection": "row",
        }
      }
      virtual={undefined}
    >
      <View
        style={
          Object {
            "paddingLeft": 10,
          }
        }
      >
        <Image
          small={true}
          source={
            Object {
              "uri": "http://192.168.100.46:3000placehold.it/120x120&text=image1",
            }
          }
          style={
            Object {
              "borderRadius": 18,
              "height": 36,
              "width": 36,
            }
          }
          virtual={undefined}
        />
      </View>
    </View>
    <View
      style={
        Object {
          "alignItems": "flex-end",
          "alignSelf": "center",
          "flex": 0.8,
        }
      }
      virtual={undefined}
    >
      <View
        style={
          Object {
            "flex": 1,
            "flexDirection": "row",
            "paddingTop": 10,
          }
        }
      >
        <Text
          accessible={true}
          allowFontScaling={true}
          ellipsizeMode="tail"
          style={
            Object {
              "alignSelf": null,
              "color": "#FF5722",
              "fontFamily": "System",
              "fontSize": 12,
            }
          }
          virtual={undefined}
        >
          CANCELLED
           
        </Text>
        <Text
          accessible={true}
          allowFontScaling={false}
          ellipsizeMode="tail"
          style={
            Array [
              Object {
                "color": undefined,
                "fontSize": 12,
              },
              Object {
                "color": "#FF5722",
                "fontSize": 17,
                "paddingRight": 5,
              },
              Object {
                "fontFamily": "Ionicons",
                "fontStyle": "normal",
                "fontWeight": "normal",
              },
            ]
          }
        >
          Ôçß
        </Text>
      </View>
    </View>
  </View>
</View>
`;
