// Jest Snapshot v1, https://goo.gl/fbAQLP

exports[`ShiftHomeScene Should Render Snapshot Correctly 1`] = `
<View
  style={
    Object {
      "flex": 1,
      "height": 1334,
    }
  }
  virtual={undefined}
>
  <View
    style={
      Object {
        "backgroundColor": "white",
        "flex": 1,
      }
    }
  />
  <Modal
    animationType="fade"
    hardwareAccelerated={false}
    onRequestClose={[Function]}
    supportedOrientations={null}
    transparent={true}
    visible={false}
  >
    <View
      style={
        Object {
          "flex": 1,
          "justifyContent": "flex-start",
          "margin": 20,
        }
      }
    >
      <View
        danger={false}
        style={
          Object {
            "alignItems": "center",
            "backgroundColor": "rgba(0,0,0,0.8)",
            "borderRadius": 5,
            "flexDirection": "row",
            "justifyContent": "space-between",
            "minHeight": 50,
            "paddingBottom": 10,
            "paddingLeft": 10,
            "paddingRight": 10,
            "paddingTop": 10,
          }
        }
        success={false}
        virtual={undefined}
        warning={false}
      >
        <Text
          accessible={true}
          allowFontScaling={true}
          ellipsizeMode="tail"
          style={
            Object {
              "color": "#fff",
              "flex": 1,
              "fontFamily": "System",
              "fontSize": 16,
            }
          }
          virtual={undefined}
        />
      </View>
    </View>
  </Modal>
  <Modal
    animationType="fade"
    hardwareAccelerated={false}
    onRequestClose={[Function]}
    transparent={true}
    visible={false}
  >
    <View
      accessibilityComponentType={undefined}
      accessibilityLabel={undefined}
      accessibilityTraits={undefined}
      accessible={true}
      hitSlop={undefined}
      isTVSelectable={true}
      onLayout={undefined}
      onResponderGrant={[Function]}
      onResponderMove={[Function]}
      onResponderRelease={[Function]}
      onResponderTerminate={[Function]}
      onResponderTerminationRequest={[Function]}
      onStartShouldSetResponder={[Function]}
      style={
        Object {
          "backgroundColor": "rgba(0,0,0,0.4)",
          "flex": 1,
          "justifyContent": "flex-end",
          "opacity": 1,
        }
      }
      testID={undefined}
      tvParallaxProperties={undefined}
    >
      <View
        accessibilityComponentType={undefined}
        accessibilityLabel={undefined}
        accessibilityTraits={undefined}
        accessible={true}
        hitSlop={undefined}
        isTVSelectable={true}
        onLayout={undefined}
        onResponderGrant={[Function]}
        onResponderMove={[Function]}
        onResponderRelease={[Function]}
        onResponderTerminate={[Function]}
        onResponderTerminationRequest={[Function]}
        onStartShouldSetResponder={[Function]}
        style={
          Object {
            "backgroundColor": "#fff",
            "elevation": 4,
            "height": NaN,
            "opacity": 1,
            "padding": 15,
          }
        }
        testID={undefined}
        tvParallaxProperties={undefined}
      >
        <Text
          accessible={true}
          allowFontScaling={true}
          ellipsizeMode="tail"
          style={
            Object {
              "color": "#757575",
              "fontFamily": "System",
              "fontSize": 16,
            }
          }
          virtual={undefined}
        />
        <ListView
          dataArray={Array []}
          dataSource={
            ListViewDataSource {
              "items": 0,
            }
          }
          enableEmptySections={true}
          renderRow={[Function]}
          style={
            Object {
              "marginHorizontal": -15,
              "marginTop": 15,
            }
          }
          virtual={undefined}
        />
      </View>
    </View>
  </Modal>
</View>
`;
